javac.exe : src\chart\ChartBar.java:3: error: package org.jfree.chart does not 
exist
At line:1 char:136
+ ... Out-Null }; & 'C:\Program Files\Java\jdk-24\bin\javac.exe' -d bin -so ...
+                 ~~~~~~~~~~~~~~~~~~~~~~~~~~~~~~~~~~~~~~~~~~~~~~~~~~~~~~~~~
    + CategoryInfo          : NotSpecified: (src\chart\Chart... does not exist 
   :String) [], RemoteException
    + FullyQualifiedErrorId : NativeCommandError
 
import org.jfree.chart.ChartFactory;
                      ^
src\chart\ChartBar.java:4: error: package org.jfree.chart does not exist
import org.jfree.chart.JFreeChart;
                      ^
src\chart\ChartBar.java:5: error: package org.jfree.chart.plot does not exist
import org.jfree.chart.plot.CategoryPlot;
                           ^
src\chart\ChartBar.java:6: error: package org.jfree.chart.renderer.category 
does not exist
import org.jfree.chart.renderer.category.BarRenderer;
                                        ^
src\chart\ChartBar.java:7: error: package org.jfree.data.category does not 
exist
import org.jfree.data.category.DefaultCategoryDataset;
                              ^
src\chart\ChartBar.java:32: error: cannot find symbol
    public static JFreeChart createCategoryBarChart(Map<String, Double> 
categoryTotals, 
                  ^
  symbol:   class JFreeChart
  location: class ChartBar
src\chart\ChartBar.java:60: error: cannot find symbol
    public static JFreeChart createMonthComparisonChart(double month1Total, 
double month2Total, 
                  ^
  symbol:   class JFreeChart
  location: class ChartBar
src\chart\ChartBar.java:86: error: cannot find symbol
    public static JFreeChart createYearlyBarChart(Map<Integer, Double> 
yearlyTotals) {
                  ^
  symbol:   class JFreeChart
  location: class ChartBar
src\chart\ChartBar.java:107: error: cannot find symbol
    private static void styleBarChart(JFreeChart chart, boolean isComparison) {
                                      ^
  symbol:   class JFreeChart
  location: class ChartBar
src\chart\ChartFrame.java:3: error: package org.jfree.chart does not exist
import org.jfree.chart.ChartPanel;
                      ^
src\chart\ChartFrame.java:4: error: package org.jfree.chart does not exist
import org.jfree.chart.JFreeChart;
                      ^
src\chart\ChartFrame.java:15: error: cannot find symbol
    private ChartPanel chartPanel;
            ^
  symbol:   class ChartPanel
  location: class ChartFrame
src\chart\ChartFrame.java:29: error: cannot find symbol
    public ChartFrame(JFreeChart chart) {
                      ^
  symbol:   class JFreeChart
  location: class ChartFrame
src\chart\ChartFrame.java:33: error: cannot find symbol
    private void initializeFrame(JFreeChart chart) {
                                 ^
  symbol:   class JFreeChart
  location: class ChartFrame
src\chart\ChartFrame.java:61: error: cannot find symbol
    private void styleChart(JFreeChart chart) {
                            ^
  symbol:   class JFreeChart
  location: class ChartFrame
src\chart\ChartFrame.java:98: error: cannot find symbol
    public void setChart(JFreeChart chart) {
                         ^
  symbol:   class JFreeChart
  location: class ChartFrame
src\chart\ChartFrame.java:126: error: cannot find symbol
    public ChartPanel getChartPanel() {
           ^
  symbol:   class ChartPanel
  location: class ChartFrame
src\chart\ChartLine.java:3: error: package org.jfree.chart does not exist
import org.jfree.chart.ChartFactory;
                      ^
src\chart\ChartLine.java:4: error: package org.jfree.chart does not exist
import org.jfree.chart.JFreeChart;
                      ^
src\chart\ChartLine.java:5: error: package org.jfree.chart.plot does not exist
import org.jfree.chart.plot.CategoryPlot;
                           ^
src\chart\ChartLine.java:6: error: package org.jfree.chart.renderer.category 
does not exist
import org.jfree.chart.renderer.category.LineAndShapeRenderer;
                                        ^
src\chart\ChartLine.java:7: error: package org.jfree.data.category does not 
exist
import org.jfree.data.category.DefaultCategoryDataset;
                              ^
src\chart\ChartLine.java:32: error: cannot find symbol
    public static JFreeChart createMonthlyTrendChart(Map<Integer, Double> 
monthlyTotals, int year) {
                  ^
  symbol:   class JFreeChart
  location: class ChartLine
src\chart\ChartLine.java:56: error: cannot find symbol
    public static JFreeChart createYearlyTrendChart(Map<Integer, Double> 
yearlyTotals) {
                  ^
  symbol:   class JFreeChart
  location: class ChartLine
src\chart\ChartLine.java:81: error: cannot find symbol
    public static JFreeChart createCategoryTrendChart(Map<Integer, Double> 
monthlyCategoryTotals, 
                  ^
  symbol:   class JFreeChart
  location: class ChartLine
src\chart\ChartLine.java:104: error: cannot find symbol
    private static void styleLineChart(JFreeChart chart, boolean 
isCategorySpecific) {
                                       ^
  symbol:   class JFreeChart
  location: class ChartLine
src\chart\ChartPie.java:3: error: package org.jfree.chart does not exist
import org.jfree.chart.ChartFactory;
                      ^
src\chart\ChartPie.java:4: error: package org.jfree.chart does not exist
import org.jfree.chart.JFreeChart;
                      ^
src\chart\ChartPie.java:5: error: package org.jfree.chart.plot does not exist
import org.jfree.chart.plot.PiePlot;
                           ^
src\chart\ChartPie.java:6: error: package org.jfree.data.general does not exist
import org.jfree.data.general.DefaultPieDataset;
                             ^
src\chart\ChartPie.java:38: error: cannot find symbol
    public static JFreeChart createYearlyPieChart(Map<String, Double> 
categoryTotals, int year) {
                  ^
  symbol:   class JFreeChart
  location: class ChartPie
src\chart\ChartPie.java:60: error: cannot find symbol
    public static JFreeChart createMonthlyPieChart(Map<String, Double> 
categoryTotals, int year, int month) {
                  ^
  symbol:   class JFreeChart
  location: class ChartPie
src\chart\ChartPie.java:79: error: cannot find symbol
    private static DefaultPieDataset createDataset(Map<String, Double> 
categoryTotals) {
                   ^
  symbol:   class DefaultPieDataset
  location: class ChartPie
src\chart\ChartPie.java:90: error: cannot find symbol
    private static void stylePieChart(JFreeChart chart) {
                                      ^
  symbol:   class JFreeChart
  location: class ChartPie
src\com\ex\calculate\ExpensesComputeApplication.java:8: error: package 
org.jfree.chart does not exist
import org.jfree.chart.JFreeChart;
                      ^
src\com\ex\calculate\ExpensesComputeApplication.java:9: error: package 
com.formdev.flatlaf does not exist
import com.formdev.flatlaf.FlatLightLaf;
                          ^
src\com\ex\calculate\ExpensesComputeApplication.java:369: error: cannot find 
symbol
    private JFreeChart applyLightTheme(JFreeChart chart) {
                                       ^
  symbol:   class JFreeChart
  location: class ExpensesComputeApplication
src\com\ex\calculate\ExpensesComputeApplication.java:369: error: cannot find 
symbol
    private JFreeChart applyLightTheme(JFreeChart chart) {
            ^
  symbol:   class JFreeChart
  location: class ExpensesComputeApplication
src\chart\ChartBar.java:34: error: cannot find symbol
        DefaultCategoryDataset dataset = new DefaultCategoryDataset();
        ^
  symbol:   class DefaultCategoryDataset
  location: class ChartBar
src\chart\ChartBar.java:34: error: cannot find symbol
        DefaultCategoryDataset dataset = new DefaultCategoryDataset();
                                             ^
  symbol:   class DefaultCategoryDataset
  location: class ChartBar
src\chart\ChartBar.java:40: error: cannot find symbol
        JFreeChart chart = ChartFactory.createBarChart(
        ^
  symbol:   class JFreeChart
  location: class ChartBar
src\chart\ChartBar.java:40: error: cannot find symbol
        JFreeChart chart = ChartFactory.createBarChart(
                           ^
  symbol:   variable ChartFactory
  location: class ChartBar
src\chart\ChartBar.java:62: error: cannot find symbol
        DefaultCategoryDataset dataset = new DefaultCategoryDataset();
        ^
  symbol:   class DefaultCategoryDataset
  location: class ChartBar
src\chart\ChartBar.java:62: error: cannot find symbol
        DefaultCategoryDataset dataset = new DefaultCategoryDataset();
                                             ^
  symbol:   class DefaultCategoryDataset
  location: class ChartBar
src\chart\ChartBar.java:70: error: cannot find symbol
        JFreeChart chart = ChartFactory.createBarChart(
        ^
  symbol:   class JFreeChart
  location: class ChartBar
src\chart\ChartBar.java:70: error: cannot find symbol
        JFreeChart chart = ChartFactory.createBarChart(
                           ^
  symbol:   variable ChartFactory
  location: class ChartBar
src\chart\ChartBar.java:87: error: cannot find symbol
        DefaultCategoryDataset dataset = new DefaultCategoryDataset();
        ^
  symbol:   class DefaultCategoryDataset
  location: class ChartBar
src\chart\ChartBar.java:87: error: cannot find symbol
        DefaultCategoryDataset dataset = new DefaultCategoryDataset();
                                             ^
  symbol:   class DefaultCategoryDataset
  location: class ChartBar
src\chart\ChartBar.java:93: error: cannot find symbol
        JFreeChart chart = ChartFactory.createBarChart(
        ^
  symbol:   class JFreeChart
  location: class ChartBar
src\chart\ChartBar.java:93: error: cannot find symbol
        JFreeChart chart = ChartFactory.createBarChart(
                           ^
  symbol:   variable ChartFactory
  location: class ChartBar
src\chart\ChartBar.java:108: error: cannot find symbol
        CategoryPlot plot = (CategoryPlot) chart.getPlot();
        ^
  symbol:   class CategoryPlot
  location: class ChartBar
src\chart\ChartBar.java:108: error: cannot find symbol
        CategoryPlot plot = (CategoryPlot) chart.getPlot();
                             ^
  symbol:   class CategoryPlot
  location: class ChartBar
src\chart\ChartBar.java:130: error: cannot find symbol
        BarRenderer renderer = (BarRenderer) plot.getRenderer();
        ^
  symbol:   class BarRenderer
  location: class ChartBar
src\chart\ChartBar.java:130: error: cannot find symbol
        BarRenderer renderer = (BarRenderer) plot.getRenderer();
                                ^
  symbol:   class BarRenderer
  location: class ChartBar
src\chart\ChartBar.java:141: error: package org.jfree.chart.renderer.category 
does not exist
        renderer.setBarPainter(new 
org.jfree.chart.renderer.category.StandardBarPainter());
                                                                    ^
src\chart\ChartFrame.java:41: error: cannot find symbol
        chartPanel = new ChartPanel(chart);
                         ^
  symbol:   class ChartPanel
  location: class ChartFrame
src\chart\ChartFrame.java:78: error: package org.jfree.chart.plot does not 
exist
            if (chart.getPlot() instanceof org.jfree.chart.plot.CategoryPlot) {
                                                               ^
src\chart\ChartFrame.java:79: error: package org.jfree.chart.plot does not 
exist
                org.jfree.chart.plot.CategoryPlot plot = 
(org.jfree.chart.plot.CategoryPlot) chart.getPlot();
                                    ^
src\chart\ChartFrame.java:79: error: package org.jfree.chart.plot does not 
exist
                org.jfree.chart.plot.CategoryPlot plot = 
(org.jfree.chart.plot.CategoryPlot) chart.getPlot();
                                                                              ^
src\chart\ChartFrame.java:88: error: package org.jfree.chart.plot does not 
exist
            } else if (chart.getPlot() instanceof 
org.jfree.chart.plot.PiePlot) {
                                                                      ^
src\chart\ChartFrame.java:89: error: package org.jfree.chart.plot does not 
exist
                org.jfree.chart.plot.PiePlot plot = 
(org.jfree.chart.plot.PiePlot) chart.getPlot();
                                    ^
src\chart\ChartFrame.java:89: error: package org.jfree.chart.plot does not 
exist
                org.jfree.chart.plot.PiePlot plot = 
(org.jfree.chart.plot.PiePlot) chart.getPlot();
                                                                         ^
src\chart\ChartFrame.java:105: error: cannot find symbol
        chartPanel = new ChartPanel(chart);
                         ^
  symbol:   class ChartPanel
  location: class ChartFrame
src\chart\ChartLine.java:33: error: cannot find symbol
        DefaultCategoryDataset dataset = new DefaultCategoryDataset();
        ^
  symbol:   class DefaultCategoryDataset
  location: class ChartLine
src\chart\ChartLine.java:33: error: cannot find symbol
        DefaultCategoryDataset dataset = new DefaultCategoryDataset();
                                             ^
  symbol:   class DefaultCategoryDataset
  location: class ChartLine
src\chart\ChartLine.java:40: error: cannot find symbol
        JFreeChart chart = ChartFactory.createLineChart(
        ^
  symbol:   class JFreeChart
  location: class ChartLine
src\chart\ChartLine.java:40: error: cannot find symbol
        JFreeChart chart = ChartFactory.createLineChart(
                           ^
  symbol:   variable ChartFactory
  location: class ChartLine
src\chart\ChartLine.java:57: error: cannot find symbol
        DefaultCategoryDataset dataset = new DefaultCategoryDataset();
        ^
  symbol:   class DefaultCategoryDataset
  location: class ChartLine
src\chart\ChartLine.java:57: error: cannot find symbol
        DefaultCategoryDataset dataset = new DefaultCategoryDataset();
                                             ^
  symbol:   class DefaultCategoryDataset
  location: class ChartLine
src\chart\ChartLine.java:63: error: cannot find symbol
        JFreeChart chart = ChartFactory.createLineChart(
        ^
  symbol:   class JFreeChart
  location: class ChartLine
src\chart\ChartLine.java:63: error: cannot find symbol
        JFreeChart chart = ChartFactory.createLineChart(
                           ^
  symbol:   variable ChartFactory
  location: class ChartLine
src\chart\ChartLine.java:83: error: cannot find symbol
        DefaultCategoryDataset dataset = new DefaultCategoryDataset();
        ^
  symbol:   class DefaultCategoryDataset
  location: class ChartLine
src\chart\ChartLine.java:83: error: cannot find symbol
        DefaultCategoryDataset dataset = new DefaultCategoryDataset();
                                             ^
  symbol:   class DefaultCategoryDataset
  location: class ChartLine
src\chart\ChartLine.java:90: error: cannot find symbol
        JFreeChart chart = ChartFactory.createLineChart(
        ^
  symbol:   class JFreeChart
  location: class ChartLine
src\chart\ChartLine.java:90: error: cannot find symbol
        JFreeChart chart = ChartFactory.createLineChart(
                           ^
  symbol:   variable ChartFactory
  location: class ChartLine
src\chart\ChartLine.java:105: error: cannot find symbol
        CategoryPlot plot = (CategoryPlot) chart.getPlot();
        ^
  symbol:   class CategoryPlot
  location: class ChartLine
src\chart\ChartLine.java:105: error: cannot find symbol
        CategoryPlot plot = (CategoryPlot) chart.getPlot();
                             ^
  symbol:   class CategoryPlot
  location: class ChartLine
src\chart\ChartLine.java:127: error: cannot find symbol
        LineAndShapeRenderer renderer = (LineAndShapeRenderer) 
plot.getRenderer();
        ^
  symbol:   class LineAndShapeRenderer
  location: class ChartLine
src\chart\ChartLine.java:127: error: cannot find symbol
        LineAndShapeRenderer renderer = (LineAndShapeRenderer) 
plot.getRenderer();
                                         ^
  symbol:   class LineAndShapeRenderer
  location: class ChartLine
src\chart\ChartPie.java:39: error: cannot find symbol
        DefaultPieDataset dataset = createDataset(categoryTotals);
        ^
  symbol:   class DefaultPieDataset
  location: class ChartPie
src\chart\ChartPie.java:41: error: cannot find symbol
        JFreeChart chart = ChartFactory.createPieChart(
        ^
  symbol:   class JFreeChart
  location: class ChartPie
src\chart\ChartPie.java:41: error: cannot find symbol
        JFreeChart chart = ChartFactory.createPieChart(
                           ^
  symbol:   variable ChartFactory
  location: class ChartPie
src\chart\ChartPie.java:61: error: cannot find symbol
        DefaultPieDataset dataset = createDataset(categoryTotals);
        ^
  symbol:   class DefaultPieDataset
  location: class ChartPie
src\chart\ChartPie.java:64: error: cannot find symbol
        JFreeChart chart = ChartFactory.createPieChart(
        ^
  symbol:   class JFreeChart
  location: class ChartPie
src\chart\ChartPie.java:64: error: cannot find symbol
        JFreeChart chart = ChartFactory.createPieChart(
                           ^
  symbol:   variable ChartFactory
  location: class ChartPie
src\chart\ChartPie.java:80: error: cannot find symbol
        DefaultPieDataset dataset = new DefaultPieDataset();
        ^
  symbol:   class DefaultPieDataset
  location: class ChartPie
src\chart\ChartPie.java:80: error: cannot find symbol
        DefaultPieDataset dataset = new DefaultPieDataset();
                                        ^
  symbol:   class DefaultPieDataset
  location: class ChartPie
src\chart\ChartPie.java:91: error: cannot find symbol
        PiePlot plot = (PiePlot) chart.getPlot();
        ^
  symbol:   class PiePlot
  location: class ChartPie
src\chart\ChartPie.java:91: error: cannot find symbol
        PiePlot plot = (PiePlot) chart.getPlot();
                        ^
  symbol:   class PiePlot
  location: class ChartPie
src\com\ex\calculate\ExpensesComputeApplication.java:53: error: cannot find 
symbol
            UIManager.setLookAndFeel(new FlatLightLaf());
                                         ^
  symbol:   class FlatLightLaf
  location: class ExpensesComputeApplication
90 errors
